<?php

declare(strict_types=1);

namespace App\Http\Controllers\Api;

use App\Data\ApiResponseData;
use App\Data\PetData;
use Illuminate\Http\JsonResponse;
use Illuminate\Http\Request;
use Spatie\LaravelData\DataCollection;

abstract class AbstractPetController
{
    /**
     * POST /pet
     *
     * Add a new pet to the store.
     */
    abstract public function addPet(PetData $pet): PetData;

    /**
     * PUT /pet
     *
     * Update an existing pet.
     */
    abstract public function updatePet(PetData $pet): PetData;

    /**
     * GET /pet/findByStatus
     *
     * Finds Pets by status.
     *
     * @return DataCollection<int, PetData>
     */
    abstract public function findPetsByStatus(): \Spatie\LaravelData\DataCollection;

    /**
     * GET /pet/findByTags
     *
     * Finds Pets by tags.
     *
     * @return DataCollection<int, PetData>
     */
    abstract public function findPetsByTags(): \Spatie\LaravelData\DataCollection;

    /**
     * GET /pet/{petId}
     *
     * Find pet by ID.
     */
    abstract public function getPetById(int $petId): PetData;

    /**
     * POST /pet/{petId}
     *
     * Updates a pet in the store with form data.
     */
    abstract public function updatePetWithForm(int $petId): PetData;

    /**
     * DELETE /pet/{petId}
     *
     * Deletes a pet.
     */
    abstract public function deletePet(int $petId): \Illuminate\Http\JsonResponse;

    /**
     * POST /pet/{petId}/uploadImage
     *
     * Uploads an image.
     */
    abstract public function uploadFile(Request $request, int $petId): ApiResponseData;
}

<?php

declare(strict_types=1);

namespace App\Http\Controllers\Api;

use App\Data\OrderData;
use Illuminate\Http\JsonResponse;

abstract class AbstractStoreController
{
    /**
     * GET /store/inventory
     *
     * Returns pet inventories by status.
     */
    abstract public function getInventory(): \Illuminate\Http\JsonResponse;

    /**
     * POST /store/order
     *
     * Place an order for a pet.
     */
    abstract public function placeOrder(OrderData $order): OrderData;

    /**
     * GET /store/order/{orderId}
     *
     * Find purchase order by ID.
     */
    abstract public function getOrderById(int $orderId): OrderData;

    /**
     * DELETE /store/order/{orderId}
     *
     * Delete purchase order by identifier.
     */
    abstract public function deleteOrder(int $orderId): \Illuminate\Http\JsonResponse;
}

<?php

declare(strict_types=1);

namespace App\Http\Controllers\Api;

use App\Data\UserData;
use Illuminate\Http\JsonResponse;
use Illuminate\Http\Request;

abstract class AbstractUserController
{
    /**
     * POST /user
     *
     * Create user.
     */
    abstract public function createUser(UserData $user): UserData;

    /**
     * POST /user/createWithList
     *
     * Creates list of users with given input array.
     */
    abstract public function createUsersWithListInput(Request $request): UserData;

    /**
     * GET /user/login
     *
     * Logs user into the system.
     */
    abstract public function loginUser(): \Illuminate\Http\JsonResponse;

    /**
     * GET /user/logout
     *
     * Logs out current logged in user session.
     */
    abstract public function logoutUser(): \Illuminate\Http\JsonResponse;

    /**
     * GET /user/{username}
     *
     * Get user by user name.
     */
    abstract public function getUserByName(string $username): UserData;

    /**
     * PUT /user/{username}
     *
     * Update user resource.
     */
    abstract public function updateUser(UserData $user, string $username): \Illuminate\Http\JsonResponse;

    /**
     * DELETE /user/{username}
     *
     * Delete user resource.
     */
    abstract public function deleteUser(string $username): \Illuminate\Http\JsonResponse;
}

<?php

declare(strict_types=1);

/*
 * GENERATED by openapi-laravel. Do not edit.
 * Re-run the generator to refresh routes from the spec.
 */

use App\Http\Controllers\Api\PetController;
use App\Http\Controllers\Api\StoreController;
use App\Http\Controllers\Api\UserController;
use Illuminate\Support\Facades\Route;

Route::post('/pet', [PetController::class, 'addPet']);
Route::put('/pet', [PetController::class, 'updatePet']);
Route::get('/pet/findByStatus', [PetController::class, 'findPetsByStatus']);
Route::get('/pet/findByTags', [PetController::class, 'findPetsByTags']);
Route::get('/pet/{petId}', [PetController::class, 'getPetById']);
Route::post('/pet/{petId}', [PetController::class, 'updatePetWithForm']);
Route::delete('/pet/{petId}', [PetController::class, 'deletePet']);
Route::post('/pet/{petId}/uploadImage', [PetController::class, 'uploadFile']);
Route::get('/store/inventory', [StoreController::class, 'getInventory']);
Route::post('/store/order', [StoreController::class, 'placeOrder']);
Route::get('/store/order/{orderId}', [StoreController::class, 'getOrderById']);
Route::delete('/store/order/{orderId}', [StoreController::class, 'deleteOrder']);
Route::post('/user', [UserController::class, 'createUser']);
Route::post('/user/createWithList', [UserController::class, 'createUsersWithListInput']);
Route::get('/user/login', [UserController::class, 'loginUser']);
Route::get('/user/logout', [UserController::class, 'logoutUser']);
Route::get('/user/{username}', [UserController::class, 'getUserByName']);
Route::put('/user/{username}', [UserController::class, 'updateUser']);
Route::delete('/user/{username}', [UserController::class, 'deleteUser']);
