<?php

declare(strict_types=1);

namespace App\Http\Controllers\Api;

use App\Data\Pet\ApiResponseData;
use App\Data\Pet\FindPetsByStatusQueryData;
use App\Data\Pet\FindPetsByTagsQueryData;
use App\Data\Pet\PetData;
use App\Data\Pet\UpdatePetWithFormQueryData;
use Illuminate\Http\JsonResponse;
use Illuminate\Http\Request;
use Spatie\LaravelData\DataCollection;

abstract class AbstractPetController
{
    /**
     * POST /pet
     *
     * Add a new pet to the store.
     */
    abstract public function addPet(PetData $pet): PetData;

    /**
     * PUT /pet
     *
     * Update an existing pet.
     */
    abstract public function updatePet(PetData $pet): PetData;

    /**
     * GET /pet/findByStatus
     *
     * Finds Pets by status.
     *
     * @return DataCollection<int, PetData>
     */
    abstract public function findPetsByStatus(FindPetsByStatusQueryData $query): DataCollection;

    /**
     * GET /pet/findByTags
     *
     * Finds Pets by tags.
     *
     * @return DataCollection<int, PetData>
     */
    abstract public function findPetsByTags(FindPetsByTagsQueryData $query): DataCollection;

    /**
     * GET /pet/{petId}
     *
     * Find pet by ID.
     *
     * Path parameters: validate them with
     * \App\Data\Pet\GetPetByIdPathData::fromRoute($request).
     */
    abstract public function show(int $petId): PetData;

    /**
     * POST /pet/{petId}
     *
     * Updates a pet in the store with form data.
     *
     * Path parameters: validate them with
     * \App\Data\Pet\UpdatePetWithFormPathData::fromRoute($request).
     */
    abstract public function updatePetWithForm(UpdatePetWithFormQueryData $query, int $petId): PetData;

    /**
     * DELETE /pet/{petId}
     *
     * Deletes a pet.
     *
     * Path parameters: validate them with
     * \App\Data\Pet\DeletePetPathData::fromRoute($request).
     */
    abstract public function destroy(int $petId): JsonResponse;

    /**
     * POST /pet/{petId}/uploadImage
     *
     * Uploads an image.
     *
     * Query parameters: validate and hydrate them with
     * \App\Data\Pet\UploadFileQueryData::fromQuery($request).
     *
     * Path parameters: validate them with
     * \App\Data\Pet\UploadFilePathData::fromRoute($request).
     */
    abstract public function uploadFile(Request $request, int $petId): ApiResponseData;
}

<?php

declare(strict_types=1);

namespace App\Http\Controllers\Api;

use App\Data\Store\OrderData;
use Illuminate\Http\JsonResponse;

abstract class AbstractStoreController
{
    /**
     * GET /store/inventory
     *
     * Returns pet inventories by status.
     */
    abstract public function index(): JsonResponse;

    /**
     * POST /store/order
     *
     * Place an order for a pet.
     */
    abstract public function store(OrderData $order): OrderData;

    /**
     * GET /store/order/{orderId}
     *
     * Find purchase order by ID.
     *
     * Path parameters: validate them with
     * \App\Data\Store\GetOrderByIdPathData::fromRoute($request).
     */
    abstract public function show(int $orderId): OrderData;

    /**
     * DELETE /store/order/{orderId}
     *
     * Delete purchase order by identifier.
     *
     * Path parameters: validate them with
     * \App\Data\Store\DeleteOrderPathData::fromRoute($request).
     */
    abstract public function destroy(int $orderId): JsonResponse;
}

<?php

declare(strict_types=1);

namespace App\Http\Controllers\Api;

use App\Data\User\LoginUserQueryData;
use App\Data\User\UserData;
use Illuminate\Http\JsonResponse;
use Illuminate\Http\Request;

abstract class AbstractUserController
{
    /**
     * POST /user
     *
     * Create user.
     */
    abstract public function createUser(UserData $user): UserData;

    /**
     * POST /user/createWithList
     *
     * Creates list of users with given input array.
     */
    abstract public function createUsersWithListInput(Request $request): UserData;

    /**
     * GET /user/login
     *
     * Logs user into the system.
     */
    abstract public function loginUser(LoginUserQueryData $query): JsonResponse;

    /**
     * GET /user/logout
     *
     * Logs out current logged in user session.
     */
    abstract public function logoutUser(): JsonResponse;

    /**
     * GET /user/{username}
     *
     * Get user by user name.
     *
     * Path parameters: validate them with
     * \App\Data\User\GetUserByNamePathData::fromRoute($request).
     */
    abstract public function show(string $username): UserData;

    /**
     * PUT /user/{username}
     *
     * Update user resource.
     *
     * Path parameters: validate them with
     * \App\Data\User\UpdateUserPathData::fromRoute($request).
     */
    abstract public function update(UserData $user, string $username): JsonResponse;

    /**
     * DELETE /user/{username}
     *
     * Delete user resource.
     *
     * Path parameters: validate them with
     * \App\Data\User\DeleteUserPathData::fromRoute($request).
     */
    abstract public function destroy(string $username): JsonResponse;
}

<?php

declare(strict_types=1);

namespace App\Data\Pet;

use Illuminate\Http\Request;
use Illuminate\Validation\Rule;
use Spatie\LaravelData\Data;

/**
 * Query parameters of GET /pet/findByStatus.
 */
final class FindPetsByStatusQueryData extends Data
{
    public function __construct(
        public readonly string $status = 'available',
    ) {}

    /**
     * Validate against rules() and hydrate from the query string only, so
     * request-body fields never bleed into query validation (or vice versa).
     */
    public static function fromQuery(Request $request): static
    {
        return self::validateAndCreate($request->query->all());
    }

    /**
     * @return array<array-key, list<string|object>>
     */
    public static function rules(): array
    {
        return [
            'status' => ['sometimes', Rule::in(['available', 'pending', 'sold'])],
        ];
    }
}

<?php

declare(strict_types=1);

namespace App\Data\Pet;

use Illuminate\Http\Request;
use Spatie\LaravelData\Data;

/**
 * Query parameters of GET /pet/findByTags.
 */
final class FindPetsByTagsQueryData extends Data
{
    public function __construct(
        /** @var array<int, string> */
        public readonly array $tags,
    ) {}

    /**
     * Validate against rules() and hydrate from the query string only, so
     * request-body fields never bleed into query validation (or vice versa).
     */
    public static function fromQuery(Request $request): static
    {
        return self::validateAndCreate($request->query->all());
    }

    /**
     * @return array<array-key, list<string|object>>
     */
    public static function rules(): array
    {
        return [
            'tags' => ['required', 'array'],
            'tags.*' => ['string'],
        ];
    }
}

<?php

declare(strict_types=1);

namespace App\Data\User;

use Illuminate\Http\Request;
use Spatie\LaravelData\Data;

/**
 * Query parameters of GET /user/login.
 */
final class LoginUserQueryData extends Data
{
    public function __construct(
        public readonly ?string $username = null,
        public readonly ?string $password = null,
    ) {}

    /**
     * Validate against rules() and hydrate from the query string only, so
     * request-body fields never bleed into query validation (or vice versa).
     */
    public static function fromQuery(Request $request): static
    {
        return self::validateAndCreate($request->query->all());
    }

    /**
     * @return array<array-key, list<string|object>>
     */
    public static function rules(): array
    {
        return [
            'username' => ['sometimes', 'string'],
            'password' => ['sometimes', 'string'],
        ];
    }
}

<?php

declare(strict_types=1);

namespace App\Data\Pet;

use Illuminate\Http\Request;
use Spatie\LaravelData\Data;

/**
 * Query parameters of POST /pet/{petId}.
 */
final class UpdatePetWithFormQueryData extends Data
{
    public function __construct(
        public readonly ?string $name = null,
        public readonly ?string $status = null,
    ) {}

    /**
     * Validate against rules() and hydrate from the query string only, so
     * request-body fields never bleed into query validation (or vice versa).
     */
    public static function fromQuery(Request $request): static
    {
        return self::validateAndCreate($request->query->all());
    }

    /**
     * @return array<array-key, list<string|object>>
     */
    public static function rules(): array
    {
        return [
            'name' => ['sometimes', 'string'],
            'status' => ['sometimes', 'string'],
        ];
    }
}

<?php

declare(strict_types=1);

namespace App\Data\Pet;

use Illuminate\Http\Request;
use Spatie\LaravelData\Data;

/**
 * Query parameters of POST /pet/{petId}/uploadImage.
 */
final class UploadFileQueryData extends Data
{
    public function __construct(
        public readonly ?string $additionalMetadata = null,
    ) {}

    /**
     * Validate against rules() and hydrate from the query string only, so
     * request-body fields never bleed into query validation (or vice versa).
     */
    public static function fromQuery(Request $request): static
    {
        return self::validateAndCreate($request->query->all());
    }

    /**
     * @return array<array-key, list<string|object>>
     */
    public static function rules(): array
    {
        return [
            'additionalMetadata' => ['sometimes', 'string'],
        ];
    }
}

<?php

declare(strict_types=1);

namespace App\Data\Store;

use Illuminate\Http\Request;
use Spatie\LaravelData\Data;

/**
 * Path parameters of DELETE /store/order/{orderId}.
 */
final class DeleteOrderPathData extends Data
{
    public function __construct(
        public readonly int $orderId,
    ) {}

    /**
     * Validate against rules() and hydrate from the resolved route parameters
     * only, so path-segment constraints are enforced at runtime (a bad value
     * is a 422, not a silent 200).
     */
    public static function fromRoute(Request $request): static
    {
        return self::validateAndCreate($request->route()->parameters());
    }

    /**
     * @return array<array-key, list<string|object>>
     */
    public static function rules(): array
    {
        return [
            'orderId' => ['required', 'integer'],
        ];
    }
}

<?php

declare(strict_types=1);

namespace App\Data\Pet;

use Illuminate\Http\Request;
use Spatie\LaravelData\Data;

/**
 * Path parameters of DELETE /pet/{petId}.
 */
final class DeletePetPathData extends Data
{
    public function __construct(
        public readonly int $petId,
    ) {}

    /**
     * Validate against rules() and hydrate from the resolved route parameters
     * only, so path-segment constraints are enforced at runtime (a bad value
     * is a 422, not a silent 200).
     */
    public static function fromRoute(Request $request): static
    {
        return self::validateAndCreate($request->route()->parameters());
    }

    /**
     * @return array<array-key, list<string|object>>
     */
    public static function rules(): array
    {
        return [
            'petId' => ['required', 'integer'],
        ];
    }
}

<?php

declare(strict_types=1);

namespace App\Data\User;

use Illuminate\Http\Request;
use Spatie\LaravelData\Data;

/**
 * Path parameters of DELETE /user/{username}.
 */
final class DeleteUserPathData extends Data
{
    public function __construct(
        public readonly string $username,
    ) {}

    /**
     * Validate against rules() and hydrate from the resolved route parameters
     * only, so path-segment constraints are enforced at runtime (a bad value
     * is a 422, not a silent 200).
     */
    public static function fromRoute(Request $request): static
    {
        return self::validateAndCreate($request->route()->parameters());
    }

    /**
     * @return array<array-key, list<string|object>>
     */
    public static function rules(): array
    {
        return [
            'username' => ['required', 'string'],
        ];
    }
}

<?php

declare(strict_types=1);

namespace App\Data\Store;

use Illuminate\Http\Request;
use Spatie\LaravelData\Data;

/**
 * Path parameters of GET /store/order/{orderId}.
 */
final class GetOrderByIdPathData extends Data
{
    public function __construct(
        public readonly int $orderId,
    ) {}

    /**
     * Validate against rules() and hydrate from the resolved route parameters
     * only, so path-segment constraints are enforced at runtime (a bad value
     * is a 422, not a silent 200).
     */
    public static function fromRoute(Request $request): static
    {
        return self::validateAndCreate($request->route()->parameters());
    }

    /**
     * @return array<array-key, list<string|object>>
     */
    public static function rules(): array
    {
        return [
            'orderId' => ['required', 'integer'],
        ];
    }
}

<?php

declare(strict_types=1);

namespace App\Data\Pet;

use Illuminate\Http\Request;
use Spatie\LaravelData\Data;

/**
 * Path parameters of GET /pet/{petId}.
 */
final class GetPetByIdPathData extends Data
{
    public function __construct(
        public readonly int $petId,
    ) {}

    /**
     * Validate against rules() and hydrate from the resolved route parameters
     * only, so path-segment constraints are enforced at runtime (a bad value
     * is a 422, not a silent 200).
     */
    public static function fromRoute(Request $request): static
    {
        return self::validateAndCreate($request->route()->parameters());
    }

    /**
     * @return array<array-key, list<string|object>>
     */
    public static function rules(): array
    {
        return [
            'petId' => ['required', 'integer'],
        ];
    }
}

<?php

declare(strict_types=1);

namespace App\Data\User;

use Illuminate\Http\Request;
use Spatie\LaravelData\Data;

/**
 * Path parameters of GET /user/{username}.
 */
final class GetUserByNamePathData extends Data
{
    public function __construct(
        public readonly string $username,
    ) {}

    /**
     * Validate against rules() and hydrate from the resolved route parameters
     * only, so path-segment constraints are enforced at runtime (a bad value
     * is a 422, not a silent 200).
     */
    public static function fromRoute(Request $request): static
    {
        return self::validateAndCreate($request->route()->parameters());
    }

    /**
     * @return array<array-key, list<string|object>>
     */
    public static function rules(): array
    {
        return [
            'username' => ['required', 'string'],
        ];
    }
}

<?php

declare(strict_types=1);

namespace App\Data\Pet;

use Illuminate\Http\Request;
use Spatie\LaravelData\Data;

/**
 * Path parameters of POST /pet/{petId}.
 */
final class UpdatePetWithFormPathData extends Data
{
    public function __construct(
        public readonly int $petId,
    ) {}

    /**
     * Validate against rules() and hydrate from the resolved route parameters
     * only, so path-segment constraints are enforced at runtime (a bad value
     * is a 422, not a silent 200).
     */
    public static function fromRoute(Request $request): static
    {
        return self::validateAndCreate($request->route()->parameters());
    }

    /**
     * @return array<array-key, list<string|object>>
     */
    public static function rules(): array
    {
        return [
            'petId' => ['required', 'integer'],
        ];
    }
}

<?php

declare(strict_types=1);

namespace App\Data\User;

use Illuminate\Http\Request;
use Spatie\LaravelData\Data;

/**
 * Path parameters of PUT /user/{username}.
 */
final class UpdateUserPathData extends Data
{
    public function __construct(
        public readonly string $username,
    ) {}

    /**
     * Validate against rules() and hydrate from the resolved route parameters
     * only, so path-segment constraints are enforced at runtime (a bad value
     * is a 422, not a silent 200).
     */
    public static function fromRoute(Request $request): static
    {
        return self::validateAndCreate($request->route()->parameters());
    }

    /**
     * @return array<array-key, list<string|object>>
     */
    public static function rules(): array
    {
        return [
            'username' => ['required', 'string'],
        ];
    }
}

<?php

declare(strict_types=1);

namespace App\Data\Pet;

use Illuminate\Http\Request;
use Spatie\LaravelData\Data;

/**
 * Path parameters of POST /pet/{petId}/uploadImage.
 */
final class UploadFilePathData extends Data
{
    public function __construct(
        public readonly int $petId,
    ) {}

    /**
     * Validate against rules() and hydrate from the resolved route parameters
     * only, so path-segment constraints are enforced at runtime (a bad value
     * is a 422, not a silent 200).
     */
    public static function fromRoute(Request $request): static
    {
        return self::validateAndCreate($request->route()->parameters());
    }

    /**
     * @return array<array-key, list<string|object>>
     */
    public static function rules(): array
    {
        return [
            'petId' => ['required', 'integer'],
        ];
    }
}


<?php

declare(strict_types=1);

/*
 * GENERATED by openapi-laravel. Do not edit.
 * Re-run the generator to refresh routes from the spec.
 */

use App\Http\Controllers\Api\PetController;
use App\Http\Controllers\Api\StoreController;
use App\Http\Controllers\Api\UserController;
use Illuminate\Support\Facades\Route;

Route::post('/pet', [PetController::class, 'addPet'])->name('addPet');
Route::put('/pet', [PetController::class, 'updatePet'])->name('updatePet');
Route::get('/pet/findByStatus', [PetController::class, 'findPetsByStatus'])->name('findPetsByStatus');
Route::get('/pet/findByTags', [PetController::class, 'findPetsByTags'])->name('findPetsByTags');
Route::get('/pet/{petId}', [PetController::class, 'show'])->name('show');
Route::post('/pet/{petId}', [PetController::class, 'updatePetWithForm'])->name('updatePetWithForm');
Route::delete('/pet/{petId}', [PetController::class, 'destroy'])->name('destroy');
Route::post('/pet/{petId}/uploadImage', [PetController::class, 'uploadFile'])->name('uploadFile');
Route::get('/store/inventory', [StoreController::class, 'index'])->name('index');
Route::post('/store/order', [StoreController::class, 'store'])->name('store');
Route::get('/store/order/{orderId}', [StoreController::class, 'show'])->name('show_2');
Route::delete('/store/order/{orderId}', [StoreController::class, 'destroy'])->name('destroy_2');
Route::post('/user', [UserController::class, 'createUser'])->name('createUser');
Route::post('/user/createWithList', [UserController::class, 'createUsersWithListInput'])->name('createUsersWithListInput');
Route::get('/user/login', [UserController::class, 'loginUser'])->name('loginUser');
Route::get('/user/logout', [UserController::class, 'logoutUser'])->name('logoutUser');
Route::get('/user/{username}', [UserController::class, 'show'])->name('show_3');
Route::put('/user/{username}', [UserController::class, 'update'])->name('update');
Route::delete('/user/{username}', [UserController::class, 'destroy'])->name('destroy_3');
